[dotenv@17.2.3] injecting env (13) from .env -- tip: ≡ƒöæ add access controls to secrets: https://dotenvx.com/ops
≡ƒÜÇ Starting M-Pesa STK Push Test...
≡ƒôí Sending request to http://localhost:3000/api/pay with payload: { phoneNumber: '0794173314', amount: 1, eventId: 'evt_grey_pageant' }

Γ£à Response Received:
Status: 200
Data: {
  message: 'STK Push initiated successfully',
  checkoutRequestID: 'ws_CO_05022026173411854794173314',
  responseCode: '0'
}

Γ£¿ STK Push successfully initiated!
Check your phone for the MPesa prompt.
